Archive member included to satisfy reference by file (symbol)

C:/ST/STM32CubeIDE_1.13.2/STM32CubeIDE/plugins/com.st.stm32cube.ide.mcu.externaltools.gnu-tools-for-stm32.11.3.rel1.win32_1.1.100.202309141235/tools/bin/../lib/gcc/arm-none-eabi/11.3.1/../../../../arm-none-eabi/lib/thumb/v7-m/nofp\libc_nano.a(libc_a-exit.o)
                              C:/ST/STM32CubeIDE_1.13.2/STM32CubeIDE/plugins/com.st.stm32cube.ide.mcu.externaltools.gnu-tools-for-stm32.11.3.rel1.win32_1.1.100.202309141235/tools/bin/../lib/gcc/arm-none-eabi/11.3.1/../../../../arm-none-eabi/lib/thumb/v7-m/nofp/crt0.o (exit)
C:/ST/STM32CubeIDE_1.13.2/STM32CubeIDE/plugins/com.st.stm32cube.ide.mcu.externaltools.gnu-tools-for-stm32.11.3.rel1.win32_1.1.100.202309141235/tools/bin/../lib/gcc/arm-none-eabi/11.3.1/../../../../arm-none-eabi/lib/thumb/v7-m/nofp\libc_nano.a(libc_a-findfp.o)
                              C:/ST/STM32CubeIDE_1.13.2/STM32CubeIDE/plugins/com.st.stm32cube.ide.mcu.externaltools.gnu-tools-for-stm32.11.3.rel1.win32_1.1.100.202309141235/tools/bin/../lib/gcc/arm-none-eabi/11.3.1/../../../../arm-none-eabi/lib/thumb/v7-m/nofp\libc_nano.a(libc_a-exit.o) (__stdio_exit_handler)
C:/ST/STM32CubeIDE_1.13.2/STM32CubeIDE/plugins/com.st.stm32cube.ide.mcu.externaltools.gnu-tools-for-stm32.11.3.rel1.win32_1.1.100.202309141235/tools/bin/../lib/gcc/arm-none-eabi/11.3.1/../../../../arm-none-eabi/lib/thumb/v7-m/nofp\libc_nano.a(libc_a-fwalk.o)
                              C:/ST/STM32CubeIDE_1.13.2/STM32CubeIDE/plugins/com.st.stm32cube.ide.mcu.externaltools.gnu-tools-for-stm32.11.3.rel1.win32_1.1.100.202309141235/tools/bin/../lib/gcc/arm-none-eabi/11.3.1/../../../../arm-none-eabi/lib/thumb/v7-m/nofp\libc_nano.a(libc_a-findfp.o) (_fwalk_sglue)
C:/ST/STM32CubeIDE_1.13.2/STM32CubeIDE/plugins/com.st.stm32cube.ide.mcu.externaltools.gnu-tools-for-stm32.11.3.rel1.win32_1.1.100.202309141235/tools/bin/../lib/gcc/arm-none-eabi/11.3.1/../../../../arm-none-eabi/lib/thumb/v7-m/nofp\libc_nano.a(libc_a-stdio.o)
                              C:/ST/STM32CubeIDE_1.13.2/STM32CubeIDE/plugins/com.st.stm32cube.ide.mcu.externaltools.gnu-tools-for-stm32.11.3.rel1.win32_1.1.100.202309141235/tools/bin/../lib/gcc/arm-none-eabi/11.3.1/../../../../arm-none-eabi/lib/thumb/v7-m/nofp\libc_nano.a(libc_a-findfp.o) (__sread)
C:/ST/STM32CubeIDE_1.13.2/STM32CubeIDE/plugins/com.st.stm32cube.ide.mcu.externaltools.gnu-tools-for-stm32.11.3.rel1.win32_1.1.100.202309141235/tools/bin/../lib/gcc/arm-none-eabi/11.3.1/../../../../arm-none-eabi/lib/thumb/v7-m/nofp\libc_nano.a(libc_a-memset.o)
                              C:/ST/STM32CubeIDE_1.13.2/STM32CubeIDE/plugins/com.st.stm32cube.ide.mcu.externaltools.gnu-tools-for-stm32.11.3.rel1.win32_1.1.100.202309141235/tools/bin/../lib/gcc/arm-none-eabi/11.3.1/../../../../arm-none-eabi/lib/thumb/v7-m/nofp/crt0.o (memset)
C:/ST/STM32CubeIDE_1.13.2/STM32CubeIDE/plugins/com.st.stm32cube.ide.mcu.externaltools.gnu-tools-for-stm32.11.3.rel1.win32_1.1.100.202309141235/tools/bin/../lib/gcc/arm-none-eabi/11.3.1/../../../../arm-none-eabi/lib/thumb/v7-m/nofp\libc_nano.a(libc_a-closer.o)
                              C:/ST/STM32CubeIDE_1.13.2/STM32CubeIDE/plugins/com.st.stm32cube.ide.mcu.externaltools.gnu-tools-for-stm32.11.3.rel1.win32_1.1.100.202309141235/tools/bin/../lib/gcc/arm-none-eabi/11.3.1/../../../../arm-none-eabi/lib/thumb/v7-m/nofp\libc_nano.a(libc_a-stdio.o) (_close_r)
C:/ST/STM32CubeIDE_1.13.2/STM32CubeIDE/plugins/com.st.stm32cube.ide.mcu.externaltools.gnu-tools-for-stm32.11.3.rel1.win32_1.1.100.202309141235/tools/bin/../lib/gcc/arm-none-eabi/11.3.1/../../../../arm-none-eabi/lib/thumb/v7-m/nofp\libc_nano.a(libc_a-reent.o)
                              C:/ST/STM32CubeIDE_1.13.2/STM32CubeIDE/plugins/com.st.stm32cube.ide.mcu.externaltools.gnu-tools-for-stm32.11.3.rel1.win32_1.1.100.202309141235/tools/bin/../lib/gcc/arm-none-eabi/11.3.1/../../../../arm-none-eabi/lib/thumb/v7-m/nofp\libc_nano.a(libc_a-closer.o) (errno)
C:/ST/STM32CubeIDE_1.13.2/STM32CubeIDE/plugins/com.st.stm32cube.ide.mcu.externaltools.gnu-tools-for-stm32.11.3.rel1.win32_1.1.100.202309141235/tools/bin/../lib/gcc/arm-none-eabi/11.3.1/../../../../arm-none-eabi/lib/thumb/v7-m/nofp\libc_nano.a(libc_a-impure.o)
                              C:/ST/STM32CubeIDE_1.13.2/STM32CubeIDE/plugins/com.st.stm32cube.ide.mcu.externaltools.gnu-tools-for-stm32.11.3.rel1.win32_1.1.100.202309141235/tools/bin/../lib/gcc/arm-none-eabi/11.3.1/../../../../arm-none-eabi/lib/thumb/v7-m/nofp\libc_nano.a(libc_a-reent.o) (_impure_ptr)
C:/ST/STM32CubeIDE_1.13.2/STM32CubeIDE/plugins/com.st.stm32cube.ide.mcu.externaltools.gnu-tools-for-stm32.11.3.rel1.win32_1.1.100.202309141235/tools/bin/../lib/gcc/arm-none-eabi/11.3.1/../../../../arm-none-eabi/lib/thumb/v7-m/nofp\libc_nano.a(libc_a-lseekr.o)
[...]
Memory Configuration

Name             Origin             Length             Attributes
RAM              0x0000000020000000 0x0000000000020000 xrw
FLASH            0x0000000008000000 0x0000000000080000 xr
*default*        0x0000000000000000 0xffffffffffffffff

Linker script and memory map

LOAD C:/ST/STM32CubeIDE_1.13.2/STM32CubeIDE/plugins/com.st.stm32cube.ide.mcu.externaltools.gnu-tools-for-stm32.11.3.rel1.win32_1.1.100.202309141235/tools/bin/../lib/gcc/arm-none-eabi/11.3.1/thumb/v7-m/nofp/crti.o
LOAD C:/ST/STM32CubeIDE_1.13.2/STM32CubeIDE/plugins/com.st.stm32cube.ide.mcu.externaltools.gnu-tools-for-stm32.11.3.rel1.win32_1.1.100.202309141235/tools/bin/../lib/gcc/arm-none-eabi/11.3.1/thumb/v7-m/nofp/crtbegin.o
LOAD C:/ST/STM32CubeIDE_1.13.2/STM32CubeIDE/plugins/com.st.stm32cube.ide.mcu.externaltools.gnu-tools-for-stm32.11.3.rel1.win32_1.1.100.202309141235/tools/bin/../lib/gcc/arm-none-eabi/11.3.1/../../../../arm-none-eabi/lib/thumb/v7-m/nofp/crt0.o
LOAD ./Core/Src/gpio.o
LOAD ./Core/Src/lcd.o
LOAD ./Core/Src/main.o
LOAD ./Core/Src/spi_interface.o
LOAD ./Core/Src/stm32f2xx_it.o
LOAD ./Core/Src/syscalls.o
LOAD ./Core/Src/sysmem.o
LOAD ./Core/Src/system_stm32f2xx.o
LOAD ./Core/Src/tim.o
LOAD ./Core/Startup/startup_stm32f207zetx.o
LOAD ./Drivers/STM32F2xx_HAL_Driver/Src/stm32f2xx_ll_dma.o
LOAD ./Drivers/STM32F2xx_HAL_Driver/Src/stm32f2xx_ll_exti.o
LOAD ./Drivers/STM32F2xx_HAL_Driver/Src/stm32f2xx_ll_gpio.o
LOAD ./Drivers/STM32F2xx_HAL_Driver/Src/stm32f2xx_ll_rcc.o
LOAD ./Drivers/STM32F2xx_HAL_Driver/Src/stm32f2xx_ll_tim.o
LOAD ./Drivers/STM32F2xx_HAL_Driver/Src/stm32f2xx_ll_utils.o
START GROUP
LOAD C:/ST/STM32CubeIDE_1.13.2/STM32CubeIDE/plugins/com.st.stm32cube.ide.mcu.externaltools.gnu-tools-for-stm32.11.3.rel1.win32_1.1.100.202309141235/tools/bin/../lib/gcc/arm-none-eabi/11.3.1/../../../../arm-none-eabi/lib/thumb/v7-m/nofp\libc_nano.a
LOAD C:/ST/STM32CubeIDE_1.13.2/STM32CubeIDE/plugins/com.st.stm32cube.ide.mcu.externaltools.gnu-tools-for-stm32.11.3.rel1.win32_1.1.100.202309141235/tools/bin/../lib/gcc/arm-none-eabi/11.3.1/../../../../arm-none-eabi/lib/thumb/v7-m/nofp\libm.a
END GROUP
START GROUP
LOAD C:/ST/STM32CubeIDE_1.13.2/STM32CubeIDE/plugins/com.st.stm32cube.ide.mcu.externaltools.gnu-tools-for-stm32.11.3.rel1.win32_1.1.100.202309141235/tools/bin/../lib/gcc/arm-none-eabi/11.3.1/thumb/v7-m/nofp\libgcc.a
LOAD C:/ST/STM32CubeIDE_1.13.2/STM32CubeIDE/plugins/com.st.stm32cube.ide.mcu.externaltools.gnu-tools-for-stm32.11.3.rel1.win32_1.1.100.202309141235/tools/bin/../lib/gcc/arm-none-eabi/11.3.1/../../../../arm-none-eabi/lib/thumb/v7-m/nofp\libc_nano.a
END GROUP
START GROUP
LOAD C:/ST/STM32CubeIDE_1.13.2/STM32CubeIDE/plugins/com.st.stm32cube.ide.mcu.externaltools.gnu-tools-for-stm32.11.3.rel1.win32_1.1.100.202309141235/tools/bin/../lib/gcc/arm-none-eabi/11.3.1/thumb/v7-m/nofp\libgcc.a
LOAD C:/ST/STM32CubeIDE_1.13.2/STM32CubeIDE/plugins/com.st.stm32cube.ide.mcu.externaltools.gnu-tools-for-stm32.11.3.rel1.win32_1.1.100.202309141235/tools/bin/../lib/gcc/arm-none-eabi/11.3.1/../../../../arm-none-eabi/lib/thumb/v7-m/nofp\libc_nano.a
LOAD C:/ST/STM32CubeIDE_1.13.2/STM32CubeIDE/plugins/com.st.stm32cube.ide.mcu.externaltools.gnu-tools-for-stm32.11.3.rel1.win32_1.1.100.202309141235/tools/bin/../lib/gcc/arm-none-eabi/11.3.1/../../../../arm-none-eabi/lib/thumb/v7-m/nofp\libnosys.a
END GROUP
START GROUP
LOAD C:/ST/STM32CubeIDE_1.13.2/STM32CubeIDE/plugins/com.st.stm32cube.ide.mcu.externaltools.gnu-tools-for-stm32.11.3.rel1.win32_1.1.100.202309141235/tools/bin/../lib/gcc/arm-none-eabi/11.3.1/thumb/v7-m/nofp\libgcc.a
LOAD C:/ST/STM32CubeIDE_1.13.2/STM32CubeIDE/plugins/com.st.stm32cube.ide.mcu.externaltools.gnu-tools-for-stm32.11.3.rel1.win32_1.1.100.202309141235/tools/bin/../lib/gcc/arm-none-eabi/11.3.1/../../../../arm-none-eabi/lib/thumb/v7-m/nofp\libc_nano.a
LOAD C:/ST/STM32CubeIDE_1.13.2/STM32CubeIDE/plugins/com.st.stm32cube.ide.mcu.externaltools.gnu-tools-for-stm32.11.3.rel1.win32_1.1.100.202309141235/tools/bin/../lib/gcc/arm-none-eabi/11.3.1/../../../../arm-none-eabi/lib/thumb/v7-m/nofp\libnosys.a
END GROUP
LOAD C:/ST/STM32CubeIDE_1.13.2/STM32CubeIDE/plugins/com.st.stm32cube.ide.mcu.externaltools.gnu-tools-for-stm32.11.3.rel1.win32_1.1.100.202309141235/tools/bin/../lib/gcc/arm-none-eabi/11.3.1/thumb/v7-m/nofp/crtend.o
LOAD C:/ST/STM32CubeIDE_1.13.2/STM32CubeIDE/plugins/com.st.stm32cube.ide.mcu.externaltools.gnu-tools-for-stm32.11.3.rel1.win32_1.1.100.202309141235/tools/bin/../lib/gcc/arm-none-eabi/11.3.1/thumb/v7-m/nofp/crtn.o
                0x0000000020020000                _estack = (ORIGIN (RAM) + LENGTH (RAM))
                0x0000000000000200                _Min_Heap_Size = 0x200
                0x0000000000000400                _Min_Stack_Size = 0x400

.isr_vector     0x0000000008000000      0x184
                0x0000000008000000                . = ALIGN (0x4)
 *(.isr_vector)
 .isr_vector    0x0000000008000000      0x184 ./Core/Startup/startup_stm32f207zetx.o
                0x0000000008000000                g_pfnVectors
                0x0000000008000184                . = ALIGN (0x4)

.text           0x0000000008000184     0x1d1c
                0x0000000008000184                . = ALIGN (0x4)
 *(.text)
 .text          0x0000000008000184       0x40 C:/ST/STM32CubeIDE_1.13.2/STM32CubeIDE/plugins/com.st.stm32cube.ide.mcu.externaltools.gnu-tools-for-stm32.11.3.rel1.win32_1.1.100.202309141235/tools/bin/../lib/gcc/arm-none-eabi/11.3.1/thumb/v7-m/nofp/crtbegin.o
 *(.text*)
 .text.LL_AHB1_GRP1_EnableClock
                0x00000000080001c4       0x30 ./Core/Src/gpio.o
 .text.LL_GPIO_SetOutputPin
                0x00000000080001f4       0x1a ./Core/Src/gpio.o
 .text.LL_GPIO_ResetOutputPin
                0x000000000800020e       0x1c ./Core/Src/gpio.o
 *fill*         0x000000000800022a        0x2 
 .text.MX_GPIO_Init
                0x000000000800022c      0x14c ./Core/Src/gpio.o
                0x000000000800022c                MX_GPIO_Init
 .text.lcd_delay
                0x0000000008000378       0x34 ./Core/Src/lcd.o
                0x0000000008000378                lcd_delay
 .text.lcd_reset
                0x00000000080003ac       0x28 ./Core/Src/lcd.o
                0x00000000080003ac                lcd_reset
 .text.lcd_init
                0x00000000080003d4       0xcc ./Core/Src/lcd.o
                0x00000000080003d4                lcd_init
 .text.LCD_set_x_y
                0x00000000080004a0       0x4e ./Core/Src/lcd.o
                0x00000000080004a0                LCD_set_x_y
 *fill*         0x00000000080004ee        0x2 
 .text.LCD_clear
                0x00000000080004f0       0xd8 ./Core/Src/lcd.o
                0x00000000080004f0                LCD_clear
 .text.LCD_set_pixel
                0x00000000080005c8       0x40 ./Core/Src/lcd.o
                0x00000000080005c8                LCD_set_pixel
 .text.__NVIC_SetPriorityGrouping
                0x0000000008000608       0x48 ./Core/Src/main.o
 .text.__NVIC_GetPriorityGrouping
                0x0000000008000650       0x1c ./Core/Src/main.o
 .text.__NVIC_SetPriority
                0x000000000800066c       0x54 ./Core/Src/main.o
 .text.NVIC_EncodePriority
                0x00000000080006c0       0x64 ./Core/Src/main.o
 .text.SysTick_Config
                0x0000000008000724       0x44 ./Core/Src/main.o
 .text.LL_RCC_HSI_Enable
                0x0000000008000768       0x1c ./Core/Src/main.o
 .text.LL_RCC_HSI_IsReady
                0x0000000008000784       0x24 ./Core/Src/main.o
 .text.LL_RCC_HSI_SetCalibTrimming
                0x00000000080007a8       0x28 ./Core/Src/main.o
 .text.LL_RCC_SetSysClkSource
                0x00000000080007d0       0x28 ./Core/Src/main.o
 .text.LL_RCC_GetSysClkSource
                0x00000000080007f8       0x18 ./Core/Src/main.o
 .text.LL_RCC_SetAHBPrescaler
                0x0000000008000810       0x28 ./Core/Src/main.o
 .text.LL_RCC_SetAPB1Prescaler
                0x0000000008000838       0x28 ./Core/Src/main.o
 .text.LL_RCC_SetAPB2Prescaler
                0x0000000008000860       0x28 ./Core/Src/main.o
 .text.LL_RCC_PLL_Enable
                0x0000000008000888       0x1c ./Core/Src/main.o
 .text.LL_RCC_PLL_IsReady
                0x00000000080008a4       0x24 ./Core/Src/main.o
 .text.LL_RCC_PLL_ConfigDomain_SYS
                0x00000000080008c8       0x40 ./Core/Src/main.o
 .text.LL_APB1_GRP1_EnableClock
                0x0000000008000908       0x30 ./Core/Src/main.o
 .text.LL_APB2_GRP1_EnableClock
                0x0000000008000938       0x30 ./Core/Src/main.o
 .text.LL_FLASH_SetLatency
                0x0000000008000968       0x28 ./Core/Src/main.o
 .text.LL_FLASH_GetLatency
                0x0000000008000990       0x18 ./Core/Src/main.o
 .text.main     0x00000000080009a8      0x100 ./Core/Src/main.o
                0x00000000080009a8                main
 .text.SystemClock_Config
                0x0000000008000aa8       0x84 ./Core/Src/main.o
                0x0000000008000aa8                SystemClock_Config
 .text.spi_handler
                0x0000000008000b2c      0x1a8 ./Core/Src/spi_interface.o
                0x0000000008000b2c                spi_handler
 .text.spi_add_to_queue
                0x0000000008000cd4      0x180 ./Core/Src/spi_interface.o
                0x0000000008000cd4                spi_add_to_queue
 .text.NMI_Handler
                0x0000000008000e54        0x6 ./Core/Src/stm32f2xx_it.o
                0x0000000008000e54                NMI_Handler
 .text.HardFault_Handler
                0x0000000008000e5a        0x6 ./Core/Src/stm32f2xx_it.o
                0x0000000008000e5a                HardFault_Handler
 .text.MemManage_Handler
                0x0000000008000e60        0x6 ./Core/Src/stm32f2xx_it.o
                0x0000000008000e60                MemManage_Handler
 .text.BusFault_Handler
                0x0000000008000e66        0x6 ./Core/Src/stm32f2xx_it.o
                0x0000000008000e66                BusFault_Handler
 .text.UsageFault_Handler
                0x0000000008000e6c        0x6 ./Core/Src/stm32f2xx_it.o
                0x0000000008000e6c                UsageFault_Handler
 .text.SVC_Handler
                0x0000000008000e72        0xc ./Core/Src/stm32f2xx_it.o
                0x0000000008000e72                SVC_Handler
 .text.DebugMon_Handler
                0x0000000008000e7e        0xc ./Core/Src/stm32f2xx_it.o
                0x0000000008000e7e                DebugMon_Handler
 .text.PendSV_Handler
                0x0000000008000e8a        0xc ./Core/Src/stm32f2xx_it.o
                0x0000000008000e8a                PendSV_Handler
 *fill*         0x0000000008000e96        0x2 
 .text.SysTick_Handler
                0x0000000008000e98       0x20 ./Core/Src/stm32f2xx_it.o
                0x0000000008000e98                SysTick_Handler
 .text.TIM2_IRQHandler
                0x0000000008000eb8      0x15c ./Core/Src/stm32f2xx_it.o
                0x0000000008000eb8                TIM2_IRQHandler
 .text.SystemInit
                0x0000000008001014        0xc ./Core/Src/system_stm32f2xx.o
                0x0000000008001014                SystemInit
 .text.__NVIC_GetPriorityGrouping
                0x0000000008001020       0x1c ./Core/Src/tim.o
 .text.__NVIC_EnableIRQ
                0x000000000800103c       0x38 ./Core/Src/tim.o
 .text.__NVIC_SetPriority
                0x0000000008001074       0x54 ./Core/Src/tim.o
 .text.NVIC_EncodePriority
                0x00000000080010c8       0x64 ./Core/Src/tim.o
 .text.LL_AHB1_GRP1_EnableClock
                0x000000000800112c       0x30 ./Core/Src/tim.o
 .text.LL_APB1_GRP1_EnableClock
                0x000000000800115c       0x30 ./Core/Src/tim.o
 .text.LL_TIM_DisableARRPreload
                0x000000000800118c       0x1e ./Core/Src/tim.o
 *fill*         0x00000000080011aa        0x2 
 .text.LL_TIM_OC_DisableFast
                0x00000000080011ac       0x88 ./Core/Src/tim.o
 .text.LL_TIM_OC_EnablePreload
                0x0000000008001234       0x88 ./Core/Src/tim.o
 .text.LL_TIM_SetClockSource
                0x00000000080012bc       0x28 ./Core/Src/tim.o
 .text.LL_TIM_SetTriggerOutput
                0x00000000080012e4       0x24 ./Core/Src/tim.o
 .text.LL_TIM_DisableMasterSlaveMode
                0x0000000008001308       0x1e ./Core/Src/tim.o
 .text.MX_TIM2_Init
                0x0000000008001326       0xbe ./Core/Src/tim.o
                0x0000000008001326                MX_TIM2_Init
 .text.MX_TIM3_Init
                0x00000000080013e4       0xdc ./Core/Src/tim.o
                0x00000000080013e4                MX_TIM3_Init
 .text.Reset_Handler
                0x00000000080014c0       0x50 ./Core/Startup/startup_stm32f207zetx.o
                0x00000000080014c0                Reset_Handler
 .text.Default_Handler
                0x0000000008001510        0x2 ./Core/Startup/startup_stm32f207zetx.o
                0x0000000008001510                RTC_Alarm_IRQHandler
                0x0000000008001510                HASH_RNG_IRQHandler
                0x0000000008001510                EXTI2_IRQHandler
                0x0000000008001510                TIM8_CC_IRQHandler
                0x0000000008001510                TIM1_CC_IRQHandler
                0x0000000008001510                DMA2_Stream5_IRQHandler
                0x0000000008001510                DMA1_Stream5_IRQHandler
                0x0000000008001510                PVD_IRQHandler
                0x0000000008001510                SDIO_IRQHandler
                0x0000000008001510                TAMP_STAMP_IRQHandler
                0x0000000008001510                CAN2_RX1_IRQHandler
                0x0000000008001510                EXTI3_IRQHandler
                0x0000000008001510                TIM8_TRG_COM_TIM14_IRQHandler
                0x0000000008001510                TIM1_UP_TIM10_IRQHandler
                0x0000000008001510                TIM8_UP_TIM13_IRQHandler
                0x0000000008001510                I2C3_ER_IRQHandler
                0x0000000008001510                EXTI0_IRQHandler
                0x0000000008001510                I2C2_EV_IRQHandler
                0x0000000008001510                DMA1_Stream2_IRQHandler
                0x0000000008001510                CAN1_RX0_IRQHandler
                0x0000000008001510                OTG_HS_WKUP_IRQHandler
                0x0000000008001510                CAN2_SCE_IRQHandler
                0x0000000008001510                DMA2_Stream2_IRQHandler
                0x0000000008001510                SPI1_IRQHandler
                0x0000000008001510                TIM6_DAC_IRQHandler
                0x0000000008001510                TIM1_BRK_TIM9_IRQHandler
                0x0000000008001510                DCMI_IRQHandler
                0x0000000008001510                CAN2_RX0_IRQHandler
                0x0000000008001510                DMA2_Stream3_IRQHandler
                0x0000000008001510                USART6_IRQHandler
                0x0000000008001510                USART3_IRQHandler
                0x0000000008001510                CAN1_RX1_IRQHandler
                0x0000000008001510                UART5_IRQHandler
                0x0000000008001510                DMA2_Stream0_IRQHandler
                0x0000000008001510                TIM4_IRQHandler
                0x0000000008001510                I2C1_EV_IRQHandler
                0x0000000008001510                DMA1_Stream6_IRQHandler
                0x0000000008001510                DMA1_Stream1_IRQHandler
                0x0000000008001510                UART4_IRQHandler
                0x0000000008001510                TIM3_IRQHandler
                0x0000000008001510                RCC_IRQHandler
                0x0000000008001510                TIM8_BRK_TIM12_IRQHandler
                0x0000000008001510                Default_Handler
                0x0000000008001510                EXTI15_10_IRQHandler
                0x0000000008001510                ADC_IRQHandler
                0x0000000008001510                DMA1_Stream7_IRQHandler
                0x0000000008001510                TIM7_IRQHandler
                0x0000000008001510                CAN2_TX_IRQHandler
                0x0000000008001510                TIM5_IRQHandler
                0x0000000008001510                DMA2_Stream7_IRQHandler
                0x0000000008001510                I2C3_EV_IRQHandler
                0x0000000008001510                EXTI9_5_IRQHandler
                0x0000000008001510                RTC_WKUP_IRQHandler
                0x0000000008001510                ETH_WKUP_IRQHandler
                0x0000000008001510                SPI2_IRQHandler
                0x0000000008001510                OTG_HS_EP1_IN_IRQHandler
                0x0000000008001510                DMA1_Stream0_IRQHandler
                0x0000000008001510                CAN1_TX_IRQHandler
                0x0000000008001510                EXTI4_IRQHandler
                0x0000000008001510                FSMC_IRQHandler
                0x0000000008001510                ETH_IRQHandler
                0x0000000008001510                OTG_HS_EP1_OUT_IRQHandler
                0x0000000008001510                WWDG_IRQHandler
                0x0000000008001510                OTG_FS_WKUP_IRQHandler
                0x0000000008001510                TIM1_TRG_COM_TIM11_IRQHandler
                0x0000000008001510                OTG_HS_IRQHandler
                0x0000000008001510                EXTI1_IRQHandler
                0x0000000008001510                USART2_IRQHandler
                0x0000000008001510                I2C2_ER_IRQHandler
                0x0000000008001510                DMA2_Stream1_IRQHandler
                0x0000000008001510                CAN1_SCE_IRQHandler
                0x0000000008001510                FLASH_IRQHandler
                0x0000000008001510                DMA2_Stream4_IRQHandler
                0x0000000008001510                USART1_IRQHandler
                0x0000000008001510                OTG_FS_IRQHandler
                0x0000000008001510                SPI3_IRQHandler
                0x0000000008001510                DMA1_Stream4_IRQHandler
                0x0000000008001510                I2C1_ER_IRQHandler
                0x0000000008001510                DMA2_Stream6_IRQHandler
                0x0000000008001510                DMA1_Stream3_IRQHandler
 .text.LL_GPIO_SetPinMode
                0x0000000008001512       0x5c ./Drivers/STM32F2xx_HAL_Driver/Src/stm32f2xx_ll_gpio.o
 .text.LL_GPIO_SetPinOutputType
                0x000000000800156e       0x2e ./Drivers/STM32F2xx_HAL_Driver/Src/stm32f2xx_ll_gpio.o
 .text.LL_GPIO_SetPinSpeed
                0x000000000800159c       0x5c ./Drivers/STM32F2xx_HAL_Driver/Src/stm32f2xx_ll_gpio.o
 .text.LL_GPIO_SetPinPull
                0x00000000080015f8       0x5c ./Drivers/STM32F2xx_HAL_Driver/Src/stm32f2xx_ll_gpio.o
 .text.LL_GPIO_SetAFPin_0_7
                0x0000000008001654       0x5c ./Drivers/STM32F2xx_HAL_Driver/Src/stm32f2xx_ll_gpio.o
 .text.LL_GPIO_SetAFPin_8_15
                0x00000000080016b0       0x60 ./Drivers/STM32F2xx_HAL_Driver/Src/stm32f2xx_ll_gpio.o
 .text.LL_GPIO_Init
                0x0000000008001710       0xe0 ./Drivers/STM32F2xx_HAL_Driver/Src/stm32f2xx_ll_gpio.o
                0x0000000008001710                LL_GPIO_Init
 .text.LL_TIM_SetPrescaler
                0x00000000080017f0       0x1a ./Drivers/STM32F2xx_HAL_Driver/Src/stm32f2xx_ll_tim.o
 .text.LL_TIM_SetAutoReload
                0x000000000800180a       0x1a ./Drivers/STM32F2xx_HAL_Driver/Src/stm32f2xx_ll_tim.o
 .text.LL_TIM_SetRepetitionCounter
                0x0000000008001824       0x1a ./Drivers/STM32F2xx_HAL_Driver/Src/stm32f2xx_ll_tim.o
 .text.LL_TIM_OC_SetCompareCH1
                0x000000000800183e       0x1a ./Drivers/STM32F2xx_HAL_Driver/Src/stm32f2xx_ll_tim.o
 .text.LL_TIM_OC_SetCompareCH2
                0x0000000008001858       0x1a ./Drivers/STM32F2xx_HAL_Driver/Src/stm32f2xx_ll_tim.o
 .text.LL_TIM_OC_SetCompareCH3
                0x0000000008001872       0x1a ./Drivers/STM32F2xx_HAL_Driver/Src/stm32f2xx_ll_tim.o
 .text.LL_TIM_OC_SetCompareCH4
                0x000000000800188c       0x1a ./Drivers/STM32F2xx_HAL_Driver/Src/stm32f2xx_ll_tim.o
 .text.LL_TIM_GenerateEvent_UPDATE
                0x00000000080018a6       0x1e ./Drivers/STM32F2xx_HAL_Driver/Src/stm32f2xx_ll_tim.o
 .text.LL_TIM_Init
                0x00000000080018c4      0x134 ./Drivers/STM32F2xx_HAL_Driver/Src/stm32f2xx_ll_tim.o
                0x00000000080018c4                LL_TIM_Init
 .text.LL_TIM_OC_Init
                0x00000000080019f8       0x82 ./Drivers/STM32F2xx_HAL_Driver/Src/stm32f2xx_ll_tim.o
                0x00000000080019f8                LL_TIM_OC_Init
 *fill*         0x0000000008001a7a        0x2 
 .text.OC1Config
                0x0000000008001a7c       0xd8 ./Drivers/STM32F2xx_HAL_Driver/Src/stm32f2xx_ll_tim.o
 .text.OC2Config
                0x0000000008001b54       0xe0 ./Drivers/STM32F2xx_HAL_Driver/Src/stm32f2xx_ll_tim.o
 .text.OC3Config
                0x0000000008001c34       0xe0 ./Drivers/STM32F2xx_HAL_Driver/Src/stm32f2xx_ll_tim.o
 .text.OC4Config
                0x0000000008001d14       0xb0 ./Drivers/STM32F2xx_HAL_Driver/Src/stm32f2xx_ll_tim.o
 .text.LL_InitTick
                0x0000000008001dc4       0x34 ./Drivers/STM32F2xx_HAL_Driver/Src/stm32f2xx_ll_utils.o
 .text.LL_Init1msTick
                0x0000000008001df8       0x1a ./Drivers/STM32F2xx_HAL_Driver/Src/stm32f2xx_ll_utils.o
                0x0000000008001df8                LL_Init1msTick
 *fill*         0x0000000008001e12        0x2 
 .text.LL_SetSystemCoreClock
                0x0000000008001e14       0x1c ./Drivers/STM32F2xx_HAL_Driver/Src/stm32f2xx_ll_utils.o
                0x0000000008001e14                LL_SetSystemCoreClock
 .text.memset   0x0000000008001e30       0x10 C:/ST/STM32CubeIDE_1.13.2/STM32CubeIDE/plugins/com.st.stm32cube.ide.mcu.externaltools.gnu-tools-for-stm32.11.3.rel1.win32_1.1.100.202309141235/tools/bin/../lib/gcc/arm-none-eabi/11.3.1/../../../../arm-none-eabi/lib/thumb/v7-m/nofp\libc_nano.a(libc_a-memset.o)
                0x0000000008001e30                memset
 .text.__libc_init_array
                0x0000000008001e40       0x48 C:/ST/STM32CubeIDE_1.13.2/STM32CubeIDE/plugins/com.st.stm32cube.ide.mcu.externaltools.gnu-tools-for-stm32.11.3.rel1.win32_1.1.100.202309141235/tools/bin/../lib/gcc/arm-none-eabi/11.3.1/../../../../arm-none-eabi/lib/thumb/v7-m/nofp\libc_nano.a(libc_a-init.o)
                0x0000000008001e40                __libc_init_array
 *(.glue_7)
 .glue_7        0x0000000008001e88        0x0 linker stubs
 *(.glue_7t)
 .glue_7t       0x0000000008001e88        0x0 linker stubs
 *(.eh_frame)
 .eh_frame      0x0000000008001e88        0x0 C:/ST/STM32CubeIDE_1.13.2/STM32CubeIDE/plugins/com.st.stm32cube.ide.mcu.externaltools.gnu-tools-for-stm32.11.3.rel1.win32_1.1.100.202309141235/tools/bin/../lib/gcc/arm-none-eabi/11.3.1/thumb/v7-m/nofp/crtbegin.o
 *(.init)
 .init          0x0000000008001e88        0x4 C:/ST/STM32CubeIDE_1.13.2/STM32CubeIDE/plugins/com.st.stm32cube.ide.mcu.externaltools.gnu-tools-for-stm32.11.3.rel1.win32_1.1.100.202309141235/tools/bin/../lib/gcc/arm-none-eabi/11.3.1/thumb/v7-m/nofp/crti.o
                0x0000000008001e88                _init
 .init          0x0000000008001e8c        0x8 C:/ST/STM32CubeIDE_1.13.2/STM32CubeIDE/plugins/com.st.stm32cube.ide.mcu.externaltools.gnu-tools-for-stm32.11.3.rel1.win32_1.1.100.202309141235/tools/bin/../lib/gcc/arm-none-eabi/11.3.1/thumb/v7-m/nofp/crtn.o
 *(.fini)
 .fini          0x0000000008001e94        0x4 C:/ST/STM32CubeIDE_1.13.2/STM32CubeIDE/plugins/com.st.stm32cube.ide.mcu.externaltools.gnu-tools-for-stm32.11.3.rel1.win32_1.1.100.202309141235/tools/bin/../lib/gcc/arm-none-eabi/11.3.1/thumb/v7-m/nofp/crti.o
                0x0000000008001e94                _fini
 .fini          0x0000000008001e98        0x8 C:/ST/STM32CubeIDE_1.13.2/STM32CubeIDE/plugins/com.st.stm32cube.ide.mcu.externaltools.gnu-tools-for-stm32.11.3.rel1.win32_1.1.100.202309141235/tools/bin/../lib/gcc/arm-none-eabi/11.3.1/thumb/v7-m/nofp/crtn.o
                0x0000000008001ea0                . = ALIGN (0x4)
                0x0000000008001ea0                _etext = .

.vfp11_veneer   0x0000000008001ea0        0x0
 .vfp11_veneer  0x0000000008001ea0        0x0 linker stubs

.v4_bx          0x0000000008001ea0        0x0
 .v4_bx         0x0000000008001ea0        0x0 linker stubs

.iplt           0x0000000008001ea0        0x0
 .iplt          0x0000000008001ea0        0x0 C:/ST/STM32CubeIDE_1.13.2/STM32CubeIDE/plugins/com.st.stm32cube.ide.mcu.externaltools.gnu-tools-for-stm32.11.3.rel1.win32_1.1.100.202309141235/tools/bin/../lib/gcc/arm-none-eabi/11.3.1/thumb/v7-m/nofp/crtbegin.o

.rodata         0x0000000008001ea0       0x10
                0x0000000008001ea0                . = ALIGN (0x4)
 *(.rodata)
 *(.rodata*)
 .rodata.OFFSET_TAB_CCMRx
                0x0000000008001ea0        0x7 ./Core/Src/tim.o
 *fill*         0x0000000008001ea7        0x1 
 .rodata.SHIFT_TAB_OCxx
                0x0000000008001ea8        0x7 ./Core/Src/tim.o
                0x0000000008001eb0                . = ALIGN (0x4)
 *fill*         0x0000000008001eaf        0x1 

.rel.dyn        0x0000000008001eb0        0x0
 .rel.iplt      0x0000000008001eb0        0x0 C:/ST/STM32CubeIDE_1.13.2/STM32CubeIDE/plugins/com.st.stm32cube.ide.mcu.externaltools.gnu-tools-for-stm32.11.3.rel1.win32_1.1.100.202309141235/tools/bin/../lib/gcc/arm-none-eabi/11.3.1/thumb/v7-m/nofp/crtbegin.o

.ARM.extab      0x0000000008001eb0        0x0
                0x0000000008001eb0                . = ALIGN (0x4)
 *(.ARM.extab* .gnu.linkonce.armextab.*)
                0x0000000008001eb0                . = ALIGN (0x4)

.ARM            0x0000000008001eb0        0x0
                0x0000000008001eb0                . = ALIGN (0x4)
                0x0000000008001eb0                __exidx_start = .
 *(.ARM.exidx*)
                0x0000000008001eb0                __exidx_end = .
                0x0000000008001eb0                . = ALIGN (0x4)

.preinit_array  0x0000000008001eb0        0x0
                0x0000000008001eb0                . = ALIGN (0x4)
                0x0000000008001eb0                PROVIDE (__preinit_array_start = .)
 *(.preinit_array*)
                0x0000000008001eb0                PROVIDE (__preinit_array_end = .)
                0x0000000008001eb0                . = ALIGN (0x4)

.init_array     0x0000000008001eb0        0x4
                0x0000000008001eb0                . = ALIGN (0x4)
                0x0000000008001eb0                PROVIDE (__init_array_start = .)
 *(SORT_BY_NAME(.init_array.*))
 *(.init_array*)
 .init_array    0x0000000008001eb0        0x4 C:/ST/STM32CubeIDE_1.13.2/STM32CubeIDE/plugins/com.st.stm32cube.ide.mcu.externaltools.gnu-tools-for-stm32.11.3.rel1.win32_1.1.100.202309141235/tools/bin/../lib/gcc/arm-none-eabi/11.3.1/thumb/v7-m/nofp/crtbegin.o
                0x0000000008001eb4                PROVIDE (__init_array_end = .)
                0x0000000008001eb4                . = ALIGN (0x4)

.fini_array     0x0000000008001eb4        0x4
                0x0000000008001eb4                . = ALIGN (0x4)
                [!provide]                        PROVIDE (__fini_array_start = .)
 *(SORT_BY_NAME(.fini_array.*))
 *(.fini_array*)
 .fini_array    0x0000000008001eb4        0x4 C:/ST/STM32CubeIDE_1.13.2/STM32CubeIDE/plugins/com.st.stm32cube.ide.mcu.externaltools.gnu-tools-for-stm32.11.3.rel1.win32_1.1.100.202309141235/tools/bin/../lib/gcc/arm-none-eabi/11.3.1/thumb/v7-m/nofp/crtbegin.o
                [!provide]                        PROVIDE (__fini_array_end = .)
                0x0000000008001eb8                . = ALIGN (0x4)
                0x0000000008001eb8                _sidata = LOADADDR (.data)

.data           0x0000000020000000        0x8 load address 0x0000000008001eb8
                0x0000000020000000                . = ALIGN (0x4)
                0x0000000020000000                _sdata = .
 *(.data)
 *(.data*)
 .data.bit_to_send
                0x0000000020000000        0x1 ./Core/Src/stm32f2xx_it.o
                0x0000000020000000                bit_to_send
 *fill*         0x0000000020000001        0x3 
 .data.SystemCoreClock
                0x0000000020000004        0x4 ./Core/Src/system_stm32f2xx.o
                0x0000000020000004                SystemCoreClock
 *(.RamFunc)
 *(.RamFunc*)
                0x0000000020000008                . = ALIGN (0x4)
                0x0000000020000008                _edata = .

.igot.plt       0x0000000020000008        0x0 load address 0x0000000008001ec0
 .igot.plt      0x0000000020000008        0x0 C:/ST/STM32CubeIDE_1.13.2/STM32CubeIDE/plugins/com.st.stm32cube.ide.mcu.externaltools.gnu-tools-for-stm32.11.3.rel1.win32_1.1.100.202309141235/tools/bin/../lib/gcc/arm-none-eabi/11.3.1/thumb/v7-m/nofp/crtbegin.o
                0x0000000020000008                . = ALIGN (0x4)

.bss            0x0000000020000008     0xd5d4 load address 0x0000000008001ec0
                0x0000000020000008                _sbss = .
                0x0000000020000008                __bss_start__ = _sbss
 *(.bss)
 .bss           0x0000000020000008       0x1c C:/ST/STM32CubeIDE_1.13.2/STM32CubeIDE/plugins/com.st.stm32cube.ide.mcu.externaltools.gnu-tools-for-stm32.11.3.rel1.win32_1.1.100.202309141235/tools/bin/../lib/gcc/arm-none-eabi/11.3.1/thumb/v7-m/nofp/crtbegin.o
 *(.bss*)
 .bss.control_lcd
                0x0000000020000024     0xcc40 ./Core/Src/lcd.o
                0x0000000020000024                control_lcd
 .bss.spi_package
                0x000000002000cc64        0x8 ./Core/Src/spi_interface.o
                0x000000002000cc64                spi_package
 .bss.spi_sent  0x000000002000cc6c        0x1 ./Core/Src/spi_interface.o
                0x000000002000cc6c                spi_sent
 *fill*         0x000000002000cc6d        0x1 
 .bss.spi_len   0x000000002000cc6e        0x2 ./Core/Src/spi_interface.o
                0x000000002000cc6e                spi_len
 .bss.spi_control_mod_enable
                0x000000002000cc70        0x1 ./Core/Src/spi_interface.o
                0x000000002000cc70                spi_control_mod_enable
 .bss.spi_control_mod_request
                0x000000002000cc71        0x1 ./Core/Src/spi_interface.o
                0x000000002000cc71                spi_control_mod_request
 .bss.spi_state
                0x000000002000cc72        0x1 ./Core/Src/spi_interface.o
                0x000000002000cc72                spi_state
 *fill*         0x000000002000cc73        0x1 
 .bss.q_spi     0x000000002000cc74      0x960 ./Core/Src/spi_interface.o
                0x000000002000cc74                q_spi
 .bss.queue_buff_pos
                0x000000002000d5d4        0x2 ./Core/Src/spi_interface.o
                0x000000002000d5d4                queue_buff_pos
 .bss.queue_buff_check_pos
                0x000000002000d5d6        0x2 ./Core/Src/spi_interface.o
                0x000000002000d5d6                queue_buff_check_pos
 .bss.ms_ticks  0x000000002000d5d8        0x2 ./Core/Src/stm32f2xx_it.o
                0x000000002000d5d8                ms_ticks
 .bss.current_package
                0x000000002000d5da        0x2 ./Core/Src/stm32f2xx_it.o
                0x000000002000d5da                current_package
 *(COMMON)
                0x000000002000d5dc                . = ALIGN (0x4)
                0x000000002000d5dc                _ebss = .
                0x000000002000d5dc                __bss_end__ = _ebss

._user_heap_stack
                0x000000002000d5dc      0x604 load address 0x0000000008001ec0
                0x000000002000d5e0                . = ALIGN (0x8)
 *fill*         0x000000002000d5dc        0x4 
                [!provide]                        PROVIDE (end = .)
                0x000000002000d5e0                PROVIDE (_end = .)
                0x000000002000d7e0                . = (. + _Min_Heap_Size)
 *fill*         0x000000002000d5e0      0x200 
                0x000000002000dbe0                . = (. + _Min_Stack_Size)
 *fill*         0x000000002000d7e0      0x400 
                0x000000002000dbe0                . = ALIGN (0x8)

/DISCARD/
 libc.a(*)
 libm.a(*)
 libgcc.a(*)

.ARM.attributes
                0x0000000000000000       0x29
 *(.ARM.attributes)
 .ARM.attributes
                0x0000000000000000       0x1d C:/ST/STM32CubeIDE_1.13.2/STM32CubeIDE/plugins/com.st.stm32cube.ide.mcu.externaltools.gnu-tools-for-stm32.11.3.rel1.win32_1.1.100.202309141235/tools/bin/../lib/gcc/arm-none-eabi/11.3.1/thumb/v7-m/nofp/crti.o
 .ARM.attributes
                0x000000000000001d       0x2d C:/ST/STM32CubeIDE_1.13.2/STM32CubeIDE/plugins/com.st.stm32cube.ide.mcu.externaltools.gnu-tools-for-stm32.11.3.rel1.win32_1.1.100.202309141235/tools/bin/../lib/gcc/arm-none-eabi/11.3.1/thumb/v7-m/nofp/crtbegin.o
 .ARM.attributes
                0x000000000000004a       0x2d ./Core/Src/gpio.o
 .ARM.attributes
                0x0000000000000077       0x2d ./Core/Src/lcd.o
 .ARM.attributes
                0x00000000000000a4       0x2d ./Core/Src/main.o
 .ARM.attributes
                0x00000000000000d1       0x2d ./Core/Src/spi_interface.o
 .ARM.attributes
                0x00000000000000fe       0x2d ./Core/Src/stm32f2xx_it.o
 .ARM.attributes
                0x000000000000012b       0x2d ./Core/Src/system_stm32f2xx.o
 .ARM.attributes
                0x0000000000000158       0x2d ./Core/Src/tim.o
 .ARM.attributes
                0x0000000000000185       0x21 ./Core/Startup/startup_stm32f207zetx.o
 .ARM.attributes
                0x00000000000001a6       0x2d ./Drivers/STM32F2xx_HAL_Driver/Src/stm32f2xx_ll_gpio.o
 .ARM.attributes
                0x00000000000001d3       0x2d ./Drivers/STM32F2xx_HAL_Driver/Src/stm32f2xx_ll_tim.o
 .ARM.attributes
                0x0000000000000200       0x2d ./Drivers/STM32F2xx_HAL_Driver/Src/stm32f2xx_ll_utils.o
 .ARM.attributes
                0x000000000000022d       0x2d C:/ST/STM32CubeIDE_1.13.2/STM32CubeIDE/plugins/com.st.stm32cube.ide.mcu.externaltools.gnu-tools-for-stm32.11.3.rel1.win32_1.1.100.202309141235/tools/bin/../lib/gcc/arm-none-eabi/11.3.1/../../../../arm-none-eabi/lib/thumb/v7-m/nofp\libc_nano.a(libc_a-memset.o)
 .ARM.attributes
                0x000000000000025a       0x2d C:/ST/STM32CubeIDE_1.13.2/STM32CubeIDE/plugins/com.st.stm32cube.ide.mcu.externaltools.gnu-tools-for-stm32.11.3.rel1.win32_1.1.100.202309141235/tools/bin/../lib/gcc/arm-none-eabi/11.3.1/../../../../arm-none-eabi/lib/thumb/v7-m/nofp\libc_nano.a(libc_a-init.o)
 .ARM.attributes
                0x0000000000000287       0x1d C:/ST/STM32CubeIDE_1.13.2/STM32CubeIDE/plugins/com.st.stm32cube.ide.mcu.externaltools.gnu-tools-for-stm32.11.3.rel1.win32_1.1.100.202309141235/tools/bin/../lib/gcc/arm-none-eabi/11.3.1/thumb/v7-m/nofp/crtn.o
OUTPUT(Olimex_P207.elf elf32-littlearm)
LOAD linker stubs
LOAD C:/ST/STM32CubeIDE_1.13.2/STM32CubeIDE/plugins/com.st.stm32cube.ide.mcu.externaltools.gnu-tools-for-stm32.11.3.rel1.win32_1.1.100.202309141235/tools/bin/../lib/gcc/arm-none-eabi/11.3.1/../../../../arm-none-eabi/lib/thumb/v7-m/nofp\libc.a
LOAD C:/ST/STM32CubeIDE_1.13.2/STM32CubeIDE/plugins/com.st.stm32cube.ide.mcu.externaltools.gnu-tools-for-stm32.11.3.rel1.win32_1.1.100.202309141235/tools/bin/../lib/gcc/arm-none-eabi/11.3.1/../../../../arm-none-eabi/lib/thumb/v7-m/nofp\libm.a
LOAD C:/ST/STM32CubeIDE_1.13.2/STM32CubeIDE/plugins/com.st.stm32cube.ide.mcu.externaltools.gnu-tools-for-stm32.11.3.rel1.win32_1.1.100.202309141235/tools/bin/../lib/gcc/arm-none-eabi/11.3.1/thumb/v7-m/nofp\libgcc.a

.comment        0x0000000000000000       0x43
 .comment       0x0000000000000000       0x43 C:/ST/STM32CubeIDE_1.13.2/STM32CubeIDE/plugins/com.st.stm32cube.ide.mcu.externaltools.gnu-tools-for-stm32.11.3.rel1.win32_1.1.100.202309141235/tools/bin/../lib/gcc/arm-none-eabi/11.3.1/thumb/v7-m/nofp/crtbegin.o
                                         0x44 (size before relaxing)
 .comment       0x0000000000000043       0x44 ./Core/Src/gpio.o
 .comment       0x0000000000000043       0x44 ./Core/Src/lcd.o
 .comment       0x0000000000000043       0x44 ./Core/Src/main.o
 .comment       0x0000000000000043       0x44 ./Core/Src/spi_interface.o
 .comment       0x0000000000000043       0x44 ./Core/Src/stm32f2xx_it.o
 .comment       0x0000000000000043       0x44 ./Core/Src/system_stm32f2xx.o
 .comment       0x0000000000000043       0x44 ./Core/Src/tim.o
 .comment       0x0000000000000043       0x44 ./Drivers/STM32F2xx_HAL_Driver/Src/stm32f2xx_ll_gpio.o
 .comment       0x0000000000000043       0x44 ./Drivers/STM32F2xx_HAL_Driver/Src/stm32f2xx_ll_tim.o
 .comment       0x0000000000000043       0x44 ./Drivers/STM32F2xx_HAL_Driver/Src/stm32f2xx_ll_utils.o

.debug_info     0x0000000000000000     0x5826
 .debug_info    0x0000000000000000      0x4c7 ./Core/Src/gpio.o
 .debug_info    0x00000000000004c7      0x746 ./Core/Src/lcd.o
 .debug_info    0x0000000000000c0d      0xf7d ./Core/Src/main.o
 .debug_info    0x0000000000001b8a      0x567 ./Core/Src/spi_interface.o
 .debug_info    0x00000000000020f1      0x535 ./Core/Src/stm32f2xx_it.o
 .debug_info    0x0000000000002626      0x318 ./Core/Src/system_stm32f2xx.o
 .debug_info    0x000000000000293e      0xf36 ./Core/Src/tim.o
 .debug_info    0x0000000000003874       0x23 ./Core/Startup/startup_stm32f207zetx.o
 .debug_info    0x0000000000003897      0x7b3 ./Drivers/STM32F2xx_HAL_Driver/Src/stm32f2xx_ll_gpio.o
 .debug_info    0x000000000000404a      0xf40 ./Drivers/STM32F2xx_HAL_Driver/Src/stm32f2xx_ll_tim.o
 .debug_info    0x0000000000004f8a      0x89c ./Drivers/STM32F2xx_HAL_Driver/Src/stm32f2xx_ll_utils.o

.debug_abbrev   0x0000000000000000     0x13d6
 .debug_abbrev  0x0000000000000000      0x19b ./Core/Src/gpio.o
 .debug_abbrev  0x000000000000019b      0x26f ./Core/Src/lcd.o
 .debug_abbrev  0x000000000000040a      0x2be ./Core/Src/main.o
 .debug_abbrev  0x00000000000006c8      0x1c0 ./Core/Src/spi_interface.o
 .debug_abbrev  0x0000000000000888      0x181 ./Core/Src/stm32f2xx_it.o
 .debug_abbrev  0x0000000000000a09      0x11c ./Core/Src/system_stm32f2xx.o
 .debug_abbrev  0x0000000000000b25      0x223 ./Core/Src/tim.o
 .debug_abbrev  0x0000000000000d48       0x12 ./Core/Startup/startup_stm32f207zetx.o
 .debug_abbrev  0x0000000000000d5a      0x220 ./Drivers/STM32F2xx_HAL_Driver/Src/stm32f2xx_ll_gpio.o
 .debug_abbrev  0x0000000000000f7a      0x20f ./Drivers/STM32F2xx_HAL_Driver/Src/stm32f2xx_ll_tim.o
 .debug_abbrev  0x0000000000001189      0x24d ./Drivers/STM32F2xx_HAL_Driver/Src/stm32f2xx_ll_utils.o

.debug_aranges  0x0000000000000000      0x590
 .debug_aranges
                0x0000000000000000       0x38 ./Core/Src/gpio.o
 .debug_aranges
                0x0000000000000038       0x98 ./Core/Src/lcd.o
 .debug_aranges
                0x00000000000000d0       0xd0 ./Core/Src/main.o
 .debug_aranges
                0x00000000000001a0       0x28 ./Core/Src/spi_interface.o
 .debug_aranges
                0x00000000000001c8       0x68 ./Core/Src/stm32f2xx_it.o
 .debug_aranges
                0x0000000000000230       0x28 ./Core/Src/system_stm32f2xx.o
 .debug_aranges
                0x0000000000000258       0x88 ./Core/Src/tim.o
 .debug_aranges
                0x00000000000002e0       0x28 ./Core/Startup/startup_stm32f207zetx.o
 .debug_aranges
                0x0000000000000308       0x70 ./Drivers/STM32F2xx_HAL_Driver/Src/stm32f2xx_ll_gpio.o
 .debug_aranges
                0x0000000000000378      0x128 ./Drivers/STM32F2xx_HAL_Driver/Src/stm32f2xx_ll_tim.o
 .debug_aranges
                0x00000000000004a0       0xf0 ./Drivers/STM32F2xx_HAL_Driver/Src/stm32f2xx_ll_utils.o

.debug_rnglists
                0x0000000000000000      0x413
 .debug_rnglists
                0x0000000000000000       0x26 ./Core/Src/gpio.o
 .debug_rnglists
                0x0000000000000026       0x70 ./Core/Src/lcd.o
 .debug_rnglists
                0x0000000000000096       0x99 ./Core/Src/main.o
 .debug_rnglists
                0x000000000000012f       0x1b ./Core/Src/spi_interface.o
 .debug_rnglists
                0x000000000000014a       0x4a ./Core/Src/stm32f2xx_it.o
 .debug_rnglists
                0x0000000000000194       0x1a ./Core/Src/system_stm32f2xx.o
 .debug_rnglists
                0x00000000000001ae       0x65 ./Core/Src/tim.o
 .debug_rnglists
                0x0000000000000213       0x19 ./Core/Startup/startup_stm32f207zetx.o
 .debug_rnglists
                0x000000000000022c       0x51 ./Drivers/STM32F2xx_HAL_Driver/Src/stm32f2xx_ll_gpio.o
 .debug_rnglists
                0x000000000000027d       0xe4 ./Drivers/STM32F2xx_HAL_Driver/Src/stm32f2xx_ll_tim.o
 .debug_rnglists
                0x0000000000000361       0xb2 ./Drivers/STM32F2xx_HAL_Driver/Src/stm32f2xx_ll_utils.o

.debug_macro    0x0000000000000000    0x1a125
 .debug_macro   0x0000000000000000      0x145 ./Core/Src/gpio.o
 .debug_macro   0x0000000000000145      0xade ./Core/Src/gpio.o
 .debug_macro   0x0000000000000c23       0x2e ./Core/Src/gpio.o
 .debug_macro   0x0000000000000c51       0x22 ./Core/Src/gpio.o
 .debug_macro   0x0000000000000c73       0x22 ./Core/Src/gpio.o
 .debug_macro   0x0000000000000c95       0x8e ./Core/Src/gpio.o
 .debug_macro   0x0000000000000d23       0x51 ./Core/Src/gpio.o
 .debug_macro   0x0000000000000d74      0x103 ./Core/Src/gpio.o
 .debug_macro   0x0000000000000e77       0x6a ./Core/Src/gpio.o
 .debug_macro   0x0000000000000ee1      0x1df ./Core/Src/gpio.o
 .debug_macro   0x00000000000010c0       0x1c ./Core/Src/gpio.o
 .debug_macro   0x00000000000010dc       0x22 ./Core/Src/gpio.o
 .debug_macro   0x00000000000010fe       0xbd ./Core/Src/gpio.o
 .debug_macro   0x00000000000011bb      0xe49 ./Core/Src/gpio.o
 .debug_macro   0x0000000000002004      0x11f ./Core/Src/gpio.o
 .debug_macro   0x0000000000002123    0x14fe1 ./Core/Src/gpio.o
 .debug_macro   0x0000000000017104       0x6d ./Core/Src/gpio.o
 .debug_macro   0x0000000000017171      0x5b3 ./Core/Src/gpio.o
 .debug_macro   0x0000000000017724      0x1c9 ./Core/Src/gpio.o
 .debug_macro   0x00000000000178ed      0x1c9 ./Core/Src/gpio.o
 .debug_macro   0x0000000000017ab6       0xe8 ./Core/Src/gpio.o
 .debug_macro   0x0000000000017b9e      0x1a7 ./Core/Src/gpio.o
 .debug_macro   0x0000000000017d45       0x2a ./Core/Src/gpio.o
 .debug_macro   0x0000000000017d6f       0x90 ./Core/Src/gpio.o
 .debug_macro   0x0000000000017dff      0x1e6 ./Core/Src/gpio.o
 .debug_macro   0x0000000000017fe5      0x5f3 ./Core/Src/gpio.o
 .debug_macro   0x00000000000185d8      0x149 ./Core/Src/gpio.o
 .debug_macro   0x0000000000018721       0x76 ./Core/Src/gpio.o
 .debug_macro   0x0000000000018797      0x14d ./Core/Src/lcd.o
 .debug_macro   0x00000000000188e4       0x7c ./Core/Src/lcd.o
 .debug_macro   0x0000000000018960       0xb8 ./Core/Src/lcd.o
 .debug_macro   0x0000000000018a18      0x169 ./Core/Src/main.o
 .debug_macro   0x0000000000018b81      0x144 ./Core/Src/spi_interface.o
 .debug_macro   0x0000000000018cc5      0x165 ./Core/Src/stm32f2xx_it.o
 .debug_macro   0x0000000000018e2a       0xcc ./Core/Src/system_stm32f2xx.o
 .debug_macro   0x0000000000018ef6      0x145 ./Core/Src/tim.o
 .debug_macro   0x000000000001903b      0x10e ./Drivers/STM32F2xx_HAL_Driver/Src/stm32f2xx_ll_gpio.o
 .debug_macro   0x0000000000019149      0x143 ./Drivers/STM32F2xx_HAL_Driver/Src/stm32f2xx_ll_gpio.o
 .debug_macro   0x000000000001928c      0x157 ./Drivers/STM32F2xx_HAL_Driver/Src/stm32f2xx_ll_tim.o
 .debug_macro   0x00000000000193e3      0x5ed ./Drivers/STM32F2xx_HAL_Driver/Src/stm32f2xx_ll_tim.o
 .debug_macro   0x00000000000199d0      0x178 ./Drivers/STM32F2xx_HAL_Driver/Src/stm32f2xx_ll_utils.o
 .debug_macro   0x0000000000019b48       0x24 ./Drivers/STM32F2xx_HAL_Driver/Src/stm32f2xx_ll_utils.o
 .debug_macro   0x0000000000019b6c      0x5b9 ./Drivers/STM32F2xx_HAL_Driver/Src/stm32f2xx_ll_utils.o

.debug_line     0x0000000000000000     0x5531
 .debug_line    0x0000000000000000      0x6e4 ./Core/Src/gpio.o
 .debug_line    0x00000000000006e4      0x954 ./Core/Src/lcd.o
 .debug_line    0x0000000000001038      0x9da ./Core/Src/main.o
 .debug_line    0x0000000000001a12      0x769 ./Core/Src/spi_interface.o
 .debug_line    0x000000000000217b      0x784 ./Core/Src/stm32f2xx_it.o
 .debug_line    0x00000000000028ff      0x575 ./Core/Src/system_stm32f2xx.o
 .debug_line    0x0000000000002e74      0x933 ./Core/Src/tim.o
 .debug_line    0x00000000000037a7       0x7a ./Core/Startup/startup_stm32f207zetx.o
 .debug_line    0x0000000000003821      0x7e9 ./Drivers/STM32F2xx_HAL_Driver/Src/stm32f2xx_ll_gpio.o
 .debug_line    0x000000000000400a      0xb8f ./Drivers/STM32F2xx_HAL_Driver/Src/stm32f2xx_ll_tim.o
 .debug_line    0x0000000000004b99      0x998 ./Drivers/STM32F2xx_HAL_Driver/Src/stm32f2xx_ll_utils.o

.debug_str      0x0000000000000000    0x90e92
 .debug_str     0x0000000000000000    0x8cd36 ./Core/Src/gpio.o
                                      0x8cec2 (size before relaxing)
 .debug_str     0x000000000008cd36      0x792 ./Core/Src/lcd.o
                                      0x8d468 (size before relaxing)
 .debug_str     0x000000000008d4c8      0x89f ./Core/Src/main.o
                                      0x8dcef (size before relaxing)
 .debug_str     0x000000000008dd67      0x10d ./Core/Src/spi_interface.o
                                      0x8d252 (size before relaxing)
 .debug_str     0x000000000008de74       0xfe ./Core/Src/stm32f2xx_it.o
                                      0x8d450 (size before relaxing)
 .debug_str     0x000000000008df72       0x77 ./Core/Src/system_stm32f2xx.o
                                      0x817c3 (size before relaxing)
 .debug_str     0x000000000008dfe9      0x1ac ./Core/Src/tim.o
                                      0x8d724 (size before relaxing)
 .debug_str     0x000000000008e195       0x34 ./Core/Startup/startup_stm32f207zetx.o
                                         0x6b (size before relaxing)
 .debug_str     0x000000000008e1c9      0x67c ./Drivers/STM32F2xx_HAL_Driver/Src/stm32f2xx_ll_gpio.o
                                      0x831ff (size before relaxing)
 .debug_str     0x000000000008e845     0x128d ./Drivers/STM32F2xx_HAL_Driver/Src/stm32f2xx_ll_tim.o
                                      0x8690f (size before relaxing)
 .debug_str     0x000000000008fad2     0x13c0 ./Drivers/STM32F2xx_HAL_Driver/Src/stm32f2xx_ll_utils.o
                                      0x870de (size before relaxing)

.debug_frame    0x0000000000000000     0x158c
 .debug_frame   0x0000000000000000       0xac ./Core/Src/gpio.o
 .debug_frame   0x00000000000000ac      0x264 ./Core/Src/lcd.o
 .debug_frame   0x0000000000000310      0x348 ./Core/Src/main.o
 .debug_frame   0x0000000000000658       0x68 ./Core/Src/spi_interface.o
 .debug_frame   0x00000000000006c0      0x128 ./Core/Src/stm32f2xx_it.o
 .debug_frame   0x00000000000007e8       0x58 ./Core/Src/system_stm32f2xx.o
 .debug_frame   0x0000000000000840      0x230 ./Core/Src/tim.o
 .debug_frame   0x0000000000000a70      0x1c0 ./Drivers/STM32F2xx_HAL_Driver/Src/stm32f2xx_ll_gpio.o
 .debug_frame   0x0000000000000c30      0x538 ./Drivers/STM32F2xx_HAL_Driver/Src/stm32f2xx_ll_tim.o
 .debug_frame   0x0000000000001168      0x3d8 ./Drivers/STM32F2xx_HAL_Driver/Src/stm32f2xx_ll_utils.o
 .debug_frame   0x0000000000001540       0x20 C:/ST/STM32CubeIDE_1.13.2/STM32CubeIDE/plugins/com.st.stm32cube.ide.mcu.externaltools.gnu-tools-for-stm32.11.3.rel1.win32_1.1.100.202309141235/tools/bin/../lib/gcc/arm-none-eabi/11.3.1/../../../../arm-none-eabi/lib/thumb/v7-m/nofp\libc_nano.a(libc_a-memset.o)
 .debug_frame   0x0000000000001560       0x2c C:/ST/STM32CubeIDE_1.13.2/STM32CubeIDE/plugins/com.st.stm32cube.ide.mcu.externaltools.gnu-tools-for-stm32.11.3.rel1.win32_1.1.100.202309141235/tools/bin/../lib/gcc/arm-none-eabi/11.3.1/../../../../arm-none-eabi/lib/thumb/v7-m/nofp\libc_nano.a(libc_a-init.o)

.debug_line_str
                0x0000000000000000       0x5f
 .debug_line_str
                0x0000000000000000       0x5f ./Core/Startup/startup_stm32f207zetx.o
                                         0x77 (size before relaxing)
