../Drivers/STM32F2xx_HAL_Driver/Inc/stm32f2xx_ll_dma.h:504:22:LL_DMA_DisableStream	16	static
../Drivers/STM32F2xx_HAL_Driver/Inc/stm32f2xx_ll_dma.h:559:22:LL_DMA_ConfigTransfer	24	static
../Drivers/STM32F2xx_HAL_Driver/Inc/stm32f2xx_ll_dma.h:958:22:LL_DMA_SetDataLength	24	static
../Drivers/STM32F2xx_HAL_Driver/Inc/stm32f2xx_ll_dma.h:1009:22:LL_DMA_SetChannelSelection	24	static
../Drivers/STM32F2xx_HAL_Driver/Inc/stm32f2xx_ll_dma.h:1062:22:LL_DMA_SetMemoryBurstxfer	24	static
../Drivers/STM32F2xx_HAL_Driver/Inc/stm32f2xx_ll_dma.h:1111:22:LL_DMA_SetPeriphBurstxfer	24	static
../Drivers/STM32F2xx_HAL_Driver/Inc/stm32f2xx_ll_dma.h:1364:22:LL_DMA_ConfigFifo	24	static
../Drivers/STM32F2xx_HAL_Driver/Inc/stm32f2xx_ll_dma.h:1426:22:LL_DMA_SetMemoryAddress	24	static
../Drivers/STM32F2xx_HAL_Driver/Inc/stm32f2xx_ll_dma.h:1449:22:LL_DMA_SetPeriphAddress	24	static
../Drivers/STM32F2xx_HAL_Driver/Inc/stm32f2xx_ll_bus.h:383:22:LL_AHB1_GRP1_ForceReset	16	static
../Drivers/STM32F2xx_HAL_Driver/Inc/stm32f2xx_ll_bus.h:424:22:LL_AHB1_GRP1_ReleaseReset	16	static
../Drivers/STM32F2xx_HAL_Driver/Src/stm32f2xx_ll_dma.c:157:10:LL_DMA_DeInit	24	static
../Drivers/STM32F2xx_HAL_Driver/Src/stm32f2xx_ll_dma.c:286:10:LL_DMA_Init	24	static
../Drivers/STM32F2xx_HAL_Driver/Src/stm32f2xx_ll_dma.c:386:6:LL_DMA_StructInit	16	static
