../Core/Src/lcd.c:9:6:send_start_bit	24	static
../Core/Src/lcd.c:20:6:dummy_cycle	16	static
../Core/Src/lcd.c:26:6:transfer_data	24	static
../Core/Src/lcd.c:43:9:read_data	16	static
../Core/Src/lcd.c:59:6:transfer_data_block	24	static
../Core/Src/lcd.c:65:6:read_data_block	32	static
../Core/Src/lcd.c:73:6:read_cmd_lcd	16	static
../Core/Src/lcd.c:81:6:send_cmd_to_lcd	16	static
../Core/Src/lcd.c:87:6:write_to_cmd_lcd	16	static
../Core/Src/lcd.c:94:6:send_data_to_lcd	16	static
../Core/Src/lcd.c:100:6:lcd_delay	24	static
../Core/Src/lcd.c:106:6:lcd_reset	8	static
../Core/Src/lcd.c:113:6:lcd_init	16	static
../Core/Src/lcd.c:133:6:LCD_set_x_y	32	static
../Core/Src/lcd.c:156:6:LCD_clear	24	static
../Core/Src/lcd.c:174:6:LCD_set_pixel	24	static
