../Drivers/CMSIS/Include/core_cm3.h:1480:22:__NVIC_SetPriorityGrouping	1
../Drivers/CMSIS/Include/core_cm3.h:1499:26:__NVIC_GetPriorityGrouping	1
../Drivers/CMSIS/Include/core_cm3.h:1639:22:__NVIC_SetPriority	2
../Drivers/CMSIS/Include/core_cm3.h:1686:26:NVIC_EncodePriority	2
../Drivers/CMSIS/Include/core_cm3.h:1834:26:SysTick_Config	2
../Drivers/STM32F2xx_HAL_Driver/Inc/stm32f2xx_ll_rcc.h:834:22:LL_RCC_HSI_Enable	1
../Drivers/STM32F2xx_HAL_Driver/Inc/stm32f2xx_ll_rcc.h:854:26:LL_RCC_HSI_IsReady	1
../Drivers/STM32F2xx_HAL_Driver/Inc/stm32f2xx_ll_rcc.h:880:22:LL_RCC_HSI_SetCalibTrimming	1
../Drivers/STM32F2xx_HAL_Driver/Inc/stm32f2xx_ll_rcc.h:1008:22:LL_RCC_SetSysClkSource	1
../Drivers/STM32F2xx_HAL_Driver/Inc/stm32f2xx_ll_rcc.h:1021:26:LL_RCC_GetSysClkSource	1
../Drivers/STM32F2xx_HAL_Driver/Inc/stm32f2xx_ll_rcc.h:1041:22:LL_RCC_SetAHBPrescaler	1
../Drivers/STM32F2xx_HAL_Driver/Inc/stm32f2xx_ll_rcc.h:1057:22:LL_RCC_SetAPB1Prescaler	1
../Drivers/STM32F2xx_HAL_Driver/Inc/stm32f2xx_ll_rcc.h:1073:22:LL_RCC_SetAPB2Prescaler	1
../Drivers/STM32F2xx_HAL_Driver/Inc/stm32f2xx_ll_rcc.h:1389:22:LL_RCC_PLL_Enable	1
../Drivers/STM32F2xx_HAL_Driver/Inc/stm32f2xx_ll_rcc.h:1410:26:LL_RCC_PLL_IsReady	1
../Drivers/STM32F2xx_HAL_Driver/Inc/stm32f2xx_ll_rcc.h:1498:22:LL_RCC_PLL_ConfigDomain_SYS	1
../Drivers/STM32F2xx_HAL_Driver/Inc/stm32f2xx_ll_bus.h:880:22:LL_APB1_GRP1_EnableClock	1
../Drivers/STM32F2xx_HAL_Driver/Inc/stm32f2xx_ll_bus.h:1270:22:LL_APB2_GRP1_EnableClock	1
../Drivers/STM32F2xx_HAL_Driver/Inc/stm32f2xx_ll_system.h:687:22:LL_FLASH_SetLatency	1
../Drivers/STM32F2xx_HAL_Driver/Inc/stm32f2xx_ll_system.h:705:26:LL_FLASH_GetLatency	1
../Core/Src/main.c:68:5:main	2
../Core/Src/main.c:138:6:SystemClock_Config	5
../Core/Src/main.c:182:6:Error_Handler	1
