../Drivers/CMSIS/Include/core_cm3.h:1480:22:__NVIC_SetPriorityGrouping	24	static
../Drivers/CMSIS/Include/core_cm3.h:1499:26:__NVIC_GetPriorityGrouping	4	static
../Drivers/CMSIS/Include/core_cm3.h:1639:22:__NVIC_SetPriority	16	static
../Drivers/CMSIS/Include/core_cm3.h:1686:26:NVIC_EncodePriority	40	static
../Drivers/CMSIS/Include/core_cm3.h:1834:26:SysTick_Config	16	static
../Drivers/STM32F2xx_HAL_Driver/Inc/stm32f2xx_ll_rcc.h:834:22:LL_RCC_HSI_Enable	4	static
../Drivers/STM32F2xx_HAL_Driver/Inc/stm32f2xx_ll_rcc.h:854:26:LL_RCC_HSI_IsReady	4	static
../Drivers/STM32F2xx_HAL_Driver/Inc/stm32f2xx_ll_rcc.h:880:22:LL_RCC_HSI_SetCalibTrimming	16	static
../Drivers/STM32F2xx_HAL_Driver/Inc/stm32f2xx_ll_rcc.h:1008:22:LL_RCC_SetSysClkSource	16	static
../Drivers/STM32F2xx_HAL_Driver/Inc/stm32f2xx_ll_rcc.h:1021:26:LL_RCC_GetSysClkSource	4	static
../Drivers/STM32F2xx_HAL_Driver/Inc/stm32f2xx_ll_rcc.h:1041:22:LL_RCC_SetAHBPrescaler	16	static
../Drivers/STM32F2xx_HAL_Driver/Inc/stm32f2xx_ll_rcc.h:1057:22:LL_RCC_SetAPB1Prescaler	16	static
../Drivers/STM32F2xx_HAL_Driver/Inc/stm32f2xx_ll_rcc.h:1073:22:LL_RCC_SetAPB2Prescaler	16	static
../Drivers/STM32F2xx_HAL_Driver/Inc/stm32f2xx_ll_rcc.h:1389:22:LL_RCC_PLL_Enable	4	static
../Drivers/STM32F2xx_HAL_Driver/Inc/stm32f2xx_ll_rcc.h:1410:26:LL_RCC_PLL_IsReady	4	static
../Drivers/STM32F2xx_HAL_Driver/Inc/stm32f2xx_ll_rcc.h:1498:22:LL_RCC_PLL_ConfigDomain_SYS	24	static
../Drivers/STM32F2xx_HAL_Driver/Inc/stm32f2xx_ll_bus.h:880:22:LL_APB1_GRP1_EnableClock	24	static
../Drivers/STM32F2xx_HAL_Driver/Inc/stm32f2xx_ll_bus.h:1270:22:LL_APB2_GRP1_EnableClock	24	static
../Drivers/STM32F2xx_HAL_Driver/Inc/stm32f2xx_ll_system.h:687:22:LL_FLASH_SetLatency	16	static
../Drivers/STM32F2xx_HAL_Driver/Inc/stm32f2xx_ll_system.h:705:26:LL_FLASH_GetLatency	4	static
../Core/Src/main.c:68:5:main	16	static
../Core/Src/main.c:138:6:SystemClock_Config	8	static
../Core/Src/main.c:182:6:Error_Handler	4	static,ignoring_inline_asm
